Archive member included because of file (symbol)

/usr/lib/gcc/avr/4.3.5/../../../avr/lib/avr5/libm.a(addsf3.o)
                              lcd.o (__subsf3)
/usr/lib/gcc/avr/4.3.5/../../../avr/lib/avr5/libm.a(addsf3x.o)
                              /usr/lib/gcc/avr/4.3.5/../../../avr/lib/avr5/libm.a(addsf3.o) (__addsf3x)
/usr/lib/gcc/avr/4.3.5/../../../avr/lib/avr5/libm.a(cos.o)
                              lcd.o (cos)
/usr/lib/gcc/avr/4.3.5/../../../avr/lib/avr5/libm.a(divsf3.o)
                              lcd.o (__divsf3)
/usr/lib/gcc/avr/4.3.5/../../../avr/lib/avr5/libm.a(divsf3x.o)
                              /usr/lib/gcc/avr/4.3.5/../../../avr/lib/avr5/libm.a(divsf3.o) (__divsf3x)
/usr/lib/gcc/avr/4.3.5/../../../avr/lib/avr5/libm.a(fixsfsi.o)
                              lcd.o (__fixsfsi)
/usr/lib/gcc/avr/4.3.5/../../../avr/lib/avr5/libm.a(fixunssfsi.o)
                              lcd.o (__fixunssfsi)
/usr/lib/gcc/avr/4.3.5/../../../avr/lib/avr5/libm.a(floatsisf.o)
                              lcd.o (__floatunsisf)
/usr/lib/gcc/avr/4.3.5/../../../avr/lib/avr5/libm.a(fp_inf.o)
                              /usr/lib/gcc/avr/4.3.5/../../../avr/lib/avr5/libm.a(addsf3x.o) (__fp_inf)
/usr/lib/gcc/avr/4.3.5/../../../avr/lib/avr5/libm.a(fp_nan.o)
                              /usr/lib/gcc/avr/4.3.5/../../../avr/lib/avr5/libm.a(addsf3x.o) (__fp_nan)
/usr/lib/gcc/avr/4.3.5/../../../avr/lib/avr5/libm.a(fp_pscA.o)
                              /usr/lib/gcc/avr/4.3.5/../../../avr/lib/avr5/libm.a(addsf3x.o) (__fp_pscA)
/usr/lib/gcc/avr/4.3.5/../../../avr/lib/avr5/libm.a(fp_pscB.o)
                              /usr/lib/gcc/avr/4.3.5/../../../avr/lib/avr5/libm.a(addsf3x.o) (__fp_pscB)
/usr/lib/gcc/avr/4.3.5/../../../avr/lib/avr5/libm.a(fp_rempio2.o)
                              /usr/lib/gcc/avr/4.3.5/../../../avr/lib/avr5/libm.a(cos.o) (__fp_rempio2)
/usr/lib/gcc/avr/4.3.5/../../../avr/lib/avr5/libm.a(fp_round.o)
                              /usr/lib/gcc/avr/4.3.5/../../../avr/lib/avr5/libm.a(addsf3.o) (__fp_round)
/usr/lib/gcc/avr/4.3.5/../../../avr/lib/avr5/libm.a(fp_sinus.o)
                              /usr/lib/gcc/avr/4.3.5/../../../avr/lib/avr5/libm.a(cos.o) (__fp_sinus)
/usr/lib/gcc/avr/4.3.5/../../../avr/lib/avr5/libm.a(fp_split3.o)
                              /usr/lib/gcc/avr/4.3.5/../../../avr/lib/avr5/libm.a(addsf3x.o) (__fp_split3)
/usr/lib/gcc/avr/4.3.5/../../../avr/lib/avr5/libm.a(fp_zero.o)
                              /usr/lib/gcc/avr/4.3.5/../../../avr/lib/avr5/libm.a(addsf3x.o) (__fp_zero)
/usr/lib/gcc/avr/4.3.5/../../../avr/lib/avr5/libm.a(mulsf3.o)
                              lcd.o (__mulsf3)
/usr/lib/gcc/avr/4.3.5/../../../avr/lib/avr5/libm.a(mulsf3x.o)
                              /usr/lib/gcc/avr/4.3.5/../../../avr/lib/avr5/libm.a(mulsf3.o) (__mulsf3x)
/usr/lib/gcc/avr/4.3.5/../../../avr/lib/avr5/libm.a(round.o)
                              lcd.o (round)
/usr/lib/gcc/avr/4.3.5/../../../avr/lib/avr5/libm.a(sin.o)
                              lcd.o (sin)
/usr/lib/gcc/avr/4.3.5/../../../avr/lib/avr5/libm.a(fp_mintl.o)
                              /usr/lib/gcc/avr/4.3.5/../../../avr/lib/avr5/libm.a(round.o) (__fp_mintl)
/usr/lib/gcc/avr/4.3.5/../../../avr/lib/avr5/libm.a(fp_mpack.o)
                              /usr/lib/gcc/avr/4.3.5/../../../avr/lib/avr5/libm.a(round.o) (__fp_mpack)
/usr/lib/gcc/avr/4.3.5/../../../avr/lib/avr5/libm.a(fp_powsodd.o)
                              /usr/lib/gcc/avr/4.3.5/../../../avr/lib/avr5/libm.a(fp_sinus.o) (__fp_powsodd)
/usr/lib/gcc/avr/4.3.5/../../../avr/lib/avr5/libm.a(fp_powser.o)
                              /usr/lib/gcc/avr/4.3.5/../../../avr/lib/avr5/libm.a(fp_powsodd.o) (__fp_powser)
/usr/lib/gcc/avr/4.3.5/avr5/libgcc.a(_udivmodqi4.o)
                              lcd.o (__udivmodqi4)
/usr/lib/gcc/avr/4.3.5/avr5/libgcc.a(_udivmodhi4.o)
                              lcd.o (__udivmodhi4)
/usr/lib/gcc/avr/4.3.5/avr5/libgcc.a(_divmodhi4.o)
                              lcd.o (__divmodhi4)
/usr/lib/gcc/avr/4.3.5/avr5/libgcc.a(_exit.o)
                              /usr/lib/gcc/avr/4.3.5/../../../avr/lib/avr5/crtm644p.o (exit)
/usr/lib/gcc/avr/4.3.5/avr5/libgcc.a(_copy_data.o)
                              main.o (__do_copy_data)
/usr/lib/gcc/avr/4.3.5/avr5/libgcc.a(_clear_bss.o)
                              timer.o (__do_clear_bss)
/usr/lib/gcc/avr/4.3.5/../../../avr/lib/avr5/libc.a(itoa.o)
                              lcd.o (itoa)
/usr/lib/gcc/avr/4.3.5/../../../avr/lib/avr5/libc.a(utoa.o)
                              lcd.o (utoa)
/usr/lib/gcc/avr/4.3.5/../../../avr/lib/avr5/libc.a(strrev.o)
                              /usr/lib/gcc/avr/4.3.5/../../../avr/lib/avr5/libc.a(itoa.o) (strrev)

Allocating common symbols
Common symbol       size              file

display_page_counter
                    0x1               lcd.o
rxd_buffer          0xb4              usart.o
LCD_ORIENTATION     0x1               lcd.o
timer               0x2               timer.o
abo_timer           0x2               timer.o
display_buffer      0x400             lcd.o
display_buffer_counter
                    0x1               lcd.o
display_mode        0x1               lcd.o
buffer              0x1e              usart.o
key_rpt             0x1               timer.o
rx_byte             0x1               usart.o
display_buffer_pointer
                    0x2               lcd.o
lcd_xpos            0x1               lcd.o
txd_buffer          0x3c              usart.o
lcd_ypos            0x1               lcd.o

Memory Configuration

Name             Origin             Length             Attributes
text             0x00000000         0x00020000         xr
data             0x00800060         0x0000ffa0         rw !x
eeprom           0x00810000         0x00010000         rw !x
fuse             0x00820000         0x00000400         rw !x
lock             0x00830000         0x00000400         rw !x
signature        0x00840000         0x00000400         rw !x
*default*        0x00000000         0xffffffff

Linker script and memory map

Address of section .data set to 0x800100
LOAD /usr/lib/gcc/avr/4.3.5/../../../avr/lib/avr5/crtm644p.o
LOAD main.o
LOAD timer.o
LOAD lcd.o
LOAD font8x6.o
LOAD usart.o
LOAD pong.o
LOAD tetris.o
LOAD /usr/lib/gcc/avr/4.3.5/../../../avr/lib/avr5/libm.a
LOAD /usr/lib/gcc/avr/4.3.5/avr5/libgcc.a
LOAD /usr/lib/gcc/avr/4.3.5/../../../avr/lib/avr5/libc.a
LOAD /usr/lib/gcc/avr/4.3.5/avr5/libgcc.a

.hash
 *(.hash)

.dynsym
 *(.dynsym)

.dynstr
 *(.dynstr)

.gnu.version
 *(.gnu.version)

.gnu.version_d
 *(.gnu.version_d)

.gnu.version_r
 *(.gnu.version_r)

.rel.init
 *(.rel.init)

.rela.init
 *(.rela.init)

.rel.text
 *(.rel.text)
 *(.rel.text.*)
 *(.rel.gnu.linkonce.t*)

.rela.text
 *(.rela.text)
 *(.rela.text.*)
 *(.rela.gnu.linkonce.t*)

.rel.fini
 *(.rel.fini)

.rela.fini
 *(.rela.fini)

.rel.rodata
 *(.rel.rodata)
 *(.rel.rodata.*)
 *(.rel.gnu.linkonce.r*)

.rela.rodata
 *(.rela.rodata)
 *(.rela.rodata.*)
 *(.rela.gnu.linkonce.r*)

.rel.data
 *(.rel.data)
 *(.rel.data.*)
 *(.rel.gnu.linkonce.d*)

.rela.data
 *(.rela.data)
 *(.rela.data.*)
 *(.rela.gnu.linkonce.d*)

.rel.ctors
 *(.rel.ctors)

.rela.ctors
 *(.rela.ctors)

.rel.dtors
 *(.rel.dtors)

.rela.dtors
 *(.rela.dtors)

.rel.got
 *(.rel.got)

.rela.got
 *(.rela.got)

.rel.bss
 *(.rel.bss)

.rela.bss
 *(.rela.bss)

.rel.plt
 *(.rel.plt)

.rela.plt
 *(.rela.plt)

.text           0x00000000     0x2664
 *(.vectors)
 .vectors       0x00000000       0x7c /usr/lib/gcc/avr/4.3.5/../../../avr/lib/avr5/crtm644p.o
                0x00000000                __vectors
                0x00000000                __vector_default
 *(.vectors)
 *(.progmem.gcc*)
 .progmem.gcc_fplib
                0x0000007c       0x1e /usr/lib/gcc/avr/4.3.5/../../../avr/lib/avr5/libm.a(fp_sinus.o)
 *(.progmem*)
 .progmem.data  0x0000009a       0x2f main.o
 .progmem.data  0x000000c9       0x26 lcd.o
 .progmem.data  0x000000ef      0x300 font8x6.o
                0x000000ef                font8x6
 .progmem.data  0x000003ef        0xc pong.o
 .progmem.data  0x000003fb        0xa tetris.o
                0x00000406                . = ALIGN (0x2)
 *fill*         0x00000405        0x1 00
                0x00000406                __trampolines_start = .
 *(.trampolines)
 .trampolines   0x00000406        0x0 linker stubs
 *(.trampolines*)
                0x00000406                __trampolines_end = .
 *(.jumptables)
 *(.jumptables*)
 *(.lowtext)
 *(.lowtext*)
                0x00000406                __ctors_start = .
 *(.ctors)
                0x00000406                __ctors_end = .
                0x00000406                __dtors_start = .
 *(.dtors)
                0x00000406                __dtors_end = .
 SORT(*)(.ctors)
 SORT(*)(.dtors)
 *(.init0)
 .init0         0x00000406        0x0 /usr/lib/gcc/avr/4.3.5/../../../avr/lib/avr5/crtm644p.o
                0x00000406                __init
 *(.init0)
 *(.init1)
 *(.init1)
 *(.init2)
 .init2         0x00000406        0xc /usr/lib/gcc/avr/4.3.5/../../../avr/lib/avr5/crtm644p.o
 *(.init2)
 *(.init3)
 *(.init3)
 *(.init4)
 .init4         0x00000412       0x16 /usr/lib/gcc/avr/4.3.5/avr5/libgcc.a(_copy_data.o)
                0x00000412                __do_copy_data
 .init4         0x00000428       0x10 /usr/lib/gcc/avr/4.3.5/avr5/libgcc.a(_clear_bss.o)
                0x00000428                __do_clear_bss
 *(.init4)
 *(.init5)
 *(.init5)
 *(.init6)
 *(.init6)
 *(.init7)
 *(.init7)
 *(.init8)
 *(.init8)
 *(.init9)
 .init9         0x00000438        0x8 /usr/lib/gcc/avr/4.3.5/../../../avr/lib/avr5/crtm644p.o
 *(.init9)
 *(.text)
 .text          0x00000440        0x4 /usr/lib/gcc/avr/4.3.5/../../../avr/lib/avr5/crtm644p.o
                0x00000440                __vector_22
                0x00000440                __vector_28
                0x00000440                __vector_1
                0x00000440                __vector_24
                0x00000440                __vector_12
                0x00000440                __bad_interrupt
                0x00000440                __vector_6
                0x00000440                __vector_3
                0x00000440                __vector_23
                0x00000440                __vector_30
                0x00000440                __vector_25
                0x00000440                __vector_11
                0x00000440                __vector_13
                0x00000440                __vector_17
                0x00000440                __vector_19
                0x00000440                __vector_7
                0x00000440                __vector_27
                0x00000440                __vector_5
                0x00000440                __vector_4
                0x00000440                __vector_9
                0x00000440                __vector_2
                0x00000440                __vector_21
                0x00000440                __vector_15
                0x00000440                __vector_29
                0x00000440                __vector_8
                0x00000440                __vector_26
                0x00000440                __vector_14
                0x00000440                __vector_10
                0x00000440                __vector_18
 .text          0x00000444       0xc6 main.o
                0x00000444                main
 .text          0x0000050a      0x19a timer.o
                0x0000050a                __vector_16
                0x000005d0                TIMER0_Init
                0x000005f0                get_key_press
                0x00000604                get_key_rpt
                0x00000618                get_key_short
                0x0000063a                get_key_long
                0x00000660                get_key_long2
                0x00000688                get_key_long_rpt
 .text          0x000006a4     0x1588 lcd.o
                0x000006a4                send_byte
                0x000006b2                lcd_cls
                0x00000710                wait_1ms
                0x0000071a                wait_ms
                0x00000736                LCD_Init
                0x000007d6                set_adress
                0x0000081e                scroll
                0x00000868                lcd_putc
                0x0000097a                new_line
                0x00000994                lcd_printpns
                0x000009e2                lcd_printpns_at
                0x000009f4                lcd_printp
                0x00000a44                lcd_printp_at
                0x00000a56                lcd_print
                0x00000aa4                lcd_print_at
                0x00000ab6                print_display
                0x00000af0                print_display_at
                0x00000b00                lcd_plot
                0x00000b7c                lcd_line
                0x00000d36                lcd_frect
                0x00000db4                lcd_rect
                0x00000e3c                lcd_circle
                0x00000f84                lcd_fcircle
                0x00001090                lcd_view_font
                0x00001168                hdigit
                0x00001174                lcd_print_hex_at
                0x000011be                lcd_write_number_u
                0x0000122e                lcd_write_number_u_at
                0x0000123e                write_ndigit_number_u_100th
                0x000012c6                write_ndigit_number_s_10th
                0x0000140e                write_ndigit_number_u_10th
                0x00001556                write_ndigit_number_s
                0x0000162c                write_ndigit_number_u
                0x00001702                lcd_ellipse
                0x00001a32                lcd_ecircle
                0x00001a46                lcd_ellipse_line
                0x00001b3c                lcd_ecirc_line
                0x00001b5a                lcd_circ_line
 .text          0x00001c2c        0x0 font8x6.o
 .text          0x00001c2c      0x1b0 usart.o
                0x00001c2c                uart_getc_nb
                0x00001c88                __vector_20
                0x00001d14                USART_Init
                0x00001d78                USART_DisableTXD
                0x00001d88                USART_EnableTXD
                0x00001d98                USART_putc
                0x00001da8                USART_puts
                0x00001dc2                USART_puts_p
 .text          0x00001ddc      0x218 pong.o
                0x00001ddc                pong
 .text          0x00001ff4       0x18 tetris.o
                0x00001ff4                tetris
 .text          0x0000200c        0x0 /usr/lib/gcc/avr/4.3.5/../../../avr/lib/avr5/libm.a(addsf3.o)
 .text          0x0000200c        0x0 /usr/lib/gcc/avr/4.3.5/../../../avr/lib/avr5/libm.a(addsf3x.o)
 .text          0x0000200c        0x0 /usr/lib/gcc/avr/4.3.5/../../../avr/lib/avr5/libm.a(cos.o)
 .text          0x0000200c        0x0 /usr/lib/gcc/avr/4.3.5/../../../avr/lib/avr5/libm.a(divsf3.o)
 .text          0x0000200c        0x0 /usr/lib/gcc/avr/4.3.5/../../../avr/lib/avr5/libm.a(divsf3x.o)
 .text          0x0000200c        0x0 /usr/lib/gcc/avr/4.3.5/../../../avr/lib/avr5/libm.a(fixsfsi.o)
 .text          0x0000200c        0x0 /usr/lib/gcc/avr/4.3.5/../../../avr/lib/avr5/libm.a(fixunssfsi.o)
 .text          0x0000200c        0x0 /usr/lib/gcc/avr/4.3.5/../../../avr/lib/avr5/libm.a(floatsisf.o)
 .text          0x0000200c        0x0 /usr/lib/gcc/avr/4.3.5/../../../avr/lib/avr5/libm.a(fp_inf.o)
 .text          0x0000200c        0x0 /usr/lib/gcc/avr/4.3.5/../../../avr/lib/avr5/libm.a(fp_nan.o)
 .text          0x0000200c        0x0 /usr/lib/gcc/avr/4.3.5/../../../avr/lib/avr5/libm.a(fp_pscA.o)
 .text          0x0000200c        0x0 /usr/lib/gcc/avr/4.3.5/../../../avr/lib/avr5/libm.a(fp_pscB.o)
 .text          0x0000200c        0x0 /usr/lib/gcc/avr/4.3.5/../../../avr/lib/avr5/libm.a(fp_rempio2.o)
 .text          0x0000200c        0x0 /usr/lib/gcc/avr/4.3.5/../../../avr/lib/avr5/libm.a(fp_round.o)
 .text          0x0000200c        0x0 /usr/lib/gcc/avr/4.3.5/../../../avr/lib/avr5/libm.a(fp_sinus.o)
 .text          0x0000200c        0x0 /usr/lib/gcc/avr/4.3.5/../../../avr/lib/avr5/libm.a(fp_split3.o)
 .text          0x0000200c        0x0 /usr/lib/gcc/avr/4.3.5/../../../avr/lib/avr5/libm.a(fp_zero.o)
 .text          0x0000200c        0x0 /usr/lib/gcc/avr/4.3.5/../../../avr/lib/avr5/libm.a(mulsf3.o)
 .text          0x0000200c        0x0 /usr/lib/gcc/avr/4.3.5/../../../avr/lib/avr5/libm.a(mulsf3x.o)
 .text          0x0000200c        0x0 /usr/lib/gcc/avr/4.3.5/../../../avr/lib/avr5/libm.a(round.o)
 .text          0x0000200c        0x0 /usr/lib/gcc/avr/4.3.5/../../../avr/lib/avr5/libm.a(sin.o)
 .text          0x0000200c        0x0 /usr/lib/gcc/avr/4.3.5/../../../avr/lib/avr5/libm.a(fp_mintl.o)
 .text          0x0000200c        0x0 /usr/lib/gcc/avr/4.3.5/../../../avr/lib/avr5/libm.a(fp_mpack.o)
 .text          0x0000200c        0x0 /usr/lib/gcc/avr/4.3.5/../../../avr/lib/avr5/libm.a(fp_powsodd.o)
 .text          0x0000200c        0x0 /usr/lib/gcc/avr/4.3.5/../../../avr/lib/avr5/libm.a(fp_powser.o)
 .text          0x0000200c        0x0 /usr/lib/gcc/avr/4.3.5/avr5/libgcc.a(_udivmodqi4.o)
 .text          0x0000200c        0x0 /usr/lib/gcc/avr/4.3.5/avr5/libgcc.a(_udivmodhi4.o)
 .text          0x0000200c        0x0 /usr/lib/gcc/avr/4.3.5/avr5/libgcc.a(_divmodhi4.o)
 .text          0x0000200c        0x0 /usr/lib/gcc/avr/4.3.5/avr5/libgcc.a(_exit.o)
 .text          0x0000200c        0x0 /usr/lib/gcc/avr/4.3.5/avr5/libgcc.a(_copy_data.o)
 .text          0x0000200c        0x0 /usr/lib/gcc/avr/4.3.5/avr5/libgcc.a(_clear_bss.o)
 .text          0x0000200c        0x0 /usr/lib/gcc/avr/4.3.5/../../../avr/lib/avr5/libc.a(itoa.o)
 .text          0x0000200c        0x0 /usr/lib/gcc/avr/4.3.5/../../../avr/lib/avr5/libc.a(utoa.o)
 .text          0x0000200c        0x0 /usr/lib/gcc/avr/4.3.5/../../../avr/lib/avr5/libc.a(strrev.o)
                0x0000200c                . = ALIGN (0x2)
 *(.text.*)
 .text.avr-libc.fplib
                0x0000200c        0xa /usr/lib/gcc/avr/4.3.5/../../../avr/lib/avr5/libm.a(addsf3.o)
                0x0000200c                __subsf3
                0x0000200e                __addsf3
 .text.avr-libc.fplib
                0x00002016       0xc0 /usr/lib/gcc/avr/4.3.5/../../../avr/lib/avr5/libm.a(addsf3x.o)
                0x00002030                __addsf3x
 .text.avr-libc.fplib
                0x000020d6        0x6 /usr/lib/gcc/avr/4.3.5/../../../avr/lib/avr5/libm.a(cos.o)
                0x000020d6                cos
 .text.avr-libc.fplib
                0x000020dc        0x4 /usr/lib/gcc/avr/4.3.5/../../../avr/lib/avr5/libm.a(divsf3.o)
                0x000020dc                __divsf3
 .text.avr-libc.fplib
                0x000020e0       0xcc /usr/lib/gcc/avr/4.3.5/../../../avr/lib/avr5/libm.a(divsf3x.o)
                0x000020f6                __divsf3x
                0x000020fa                __divsf3_pse
 .text.avr-libc.fplib
                0x000021ac        0xa /usr/lib/gcc/avr/4.3.5/../../../avr/lib/avr5/libm.a(fixsfsi.o)
                0x000021ac                __fixsfsi
 .text.avr-libc.fplib
                0x000021b6       0x58 /usr/lib/gcc/avr/4.3.5/../../../avr/lib/avr5/libm.a(fixunssfsi.o)
                0x000021b6                __fixunssfsi
 .text.avr-libc.fplib
                0x0000220e       0x7a /usr/lib/gcc/avr/4.3.5/../../../avr/lib/avr5/libm.a(floatsisf.o)
                0x0000220e                __floatunsisf
                0x00002212                __floatsisf
 .text.avr-libc.fplib
                0x00002288        0xc /usr/lib/gcc/avr/4.3.5/../../../avr/lib/avr5/libm.a(fp_inf.o)
                0x00002288                __fp_inf
 .text.avr-libc.fplib
                0x00002294        0x6 /usr/lib/gcc/avr/4.3.5/../../../avr/lib/avr5/libm.a(fp_nan.o)
                0x00002294                __fp_nan
 .text.avr-libc.fplib
                0x0000229a        0xe /usr/lib/gcc/avr/4.3.5/../../../avr/lib/avr5/libm.a(fp_pscA.o)
                0x0000229a                __fp_pscA
 .text.avr-libc.fplib
                0x000022a8        0xe /usr/lib/gcc/avr/4.3.5/../../../avr/lib/avr5/libm.a(fp_pscB.o)
                0x000022a8                __fp_pscB
 .text.avr-libc.fplib
                0x000022b6       0x50 /usr/lib/gcc/avr/4.3.5/../../../avr/lib/avr5/libm.a(fp_rempio2.o)
                0x000022b8                __fp_rempio2
 .text.avr-libc.fplib
                0x00002306       0x22 /usr/lib/gcc/avr/4.3.5/../../../avr/lib/avr5/libm.a(fp_round.o)
                0x00002306                __fp_round
 .text.avr-libc.fplib
                0x00002328       0x22 /usr/lib/gcc/avr/4.3.5/../../../avr/lib/avr5/libm.a(fp_sinus.o)
                0x00002328                __fp_sinus
 .text.avr-libc.fplib
                0x0000234a       0x44 /usr/lib/gcc/avr/4.3.5/../../../avr/lib/avr5/libm.a(fp_split3.o)
                0x0000234a                __fp_split3
                0x0000235a                __fp_splitA
 .text.avr-libc.fplib
                0x0000238e        0xe /usr/lib/gcc/avr/4.3.5/../../../avr/lib/avr5/libm.a(fp_zero.o)
                0x0000238e                __fp_zero
                0x00002390                __fp_szero
 .text.avr-libc.fplib
                0x0000239c        0x4 /usr/lib/gcc/avr/4.3.5/../../../avr/lib/avr5/libm.a(mulsf3.o)
                0x0000239c                __mulsf3
 .text.avr-libc.fplib
                0x000023a0       0xc2 /usr/lib/gcc/avr/4.3.5/../../../avr/lib/avr5/libm.a(mulsf3x.o)
                0x000023b4                __mulsf3x
                0x000023b8                __mulsf3_pse
 .text.avr-libc.fplib
                0x00002462       0x40 /usr/lib/gcc/avr/4.3.5/../../../avr/lib/avr5/libm.a(round.o)
                0x00002462                round
 .text.avr-libc.fplib
                0x000024a2        0xc /usr/lib/gcc/avr/4.3.5/../../../avr/lib/avr5/libm.a(sin.o)
                0x000024a2                sin
 .text.avr-libc.fplib
                0x000024ae       0x36 /usr/lib/gcc/avr/4.3.5/../../../avr/lib/avr5/libm.a(fp_mintl.o)
                0x000024ae                __fp_mintl
 .text.avr-libc.fplib
                0x000024e4       0x1c /usr/lib/gcc/avr/4.3.5/../../../avr/lib/avr5/libm.a(fp_mpack.o)
                0x000024e4                __fp_mpack
                0x000024e8                __fp_mpack_finite
 .text.avr-libc.fplib
                0x00002500       0x22 /usr/lib/gcc/avr/4.3.5/../../../avr/lib/avr5/libm.a(fp_powsodd.o)
                0x00002500                __fp_powsodd
 .text.avr-libc.fplib
                0x00002522       0x4a /usr/lib/gcc/avr/4.3.5/../../../avr/lib/avr5/libm.a(fp_powser.o)
                0x00002522                __fp_powser
 .text.libgcc   0x0000256c       0x18 /usr/lib/gcc/avr/4.3.5/avr5/libgcc.a(_udivmodqi4.o)
                0x0000256c                __udivmodqi4
 .text.libgcc   0x00002584       0x28 /usr/lib/gcc/avr/4.3.5/avr5/libgcc.a(_udivmodhi4.o)
                0x00002584                __udivmodhi4
 .text.libgcc   0x000025ac       0x26 /usr/lib/gcc/avr/4.3.5/avr5/libgcc.a(_divmodhi4.o)
                0x000025ac                __divmodhi4
                0x000025ac                _div
 .text.libgcc   0x000025d2        0x0 /usr/lib/gcc/avr/4.3.5/avr5/libgcc.a(_exit.o)
 .text.libgcc   0x000025d2        0x0 /usr/lib/gcc/avr/4.3.5/avr5/libgcc.a(_copy_data.o)
 .text.libgcc   0x000025d2        0x0 /usr/lib/gcc/avr/4.3.5/avr5/libgcc.a(_clear_bss.o)
 .text.avr-libc
                0x000025d2       0x42 /usr/lib/gcc/avr/4.3.5/../../../avr/lib/avr5/libc.a(itoa.o)
                0x000025d2                itoa
 .text.avr-libc
                0x00002614       0x2c /usr/lib/gcc/avr/4.3.5/../../../avr/lib/avr5/libc.a(utoa.o)
                0x00002614                utoa
 .text.avr-libc
                0x00002640       0x20 /usr/lib/gcc/avr/4.3.5/../../../avr/lib/avr5/libc.a(strrev.o)
                0x00002640                strrev
                0x00002660                . = ALIGN (0x2)
 *(.fini9)
 .fini9         0x00002660        0x0 /usr/lib/gcc/avr/4.3.5/avr5/libgcc.a(_exit.o)
                0x00002660                exit
                0x00002660                _exit
 *(.fini9)
 *(.fini8)
 *(.fini8)
 *(.fini7)
 *(.fini7)
 *(.fini6)
 *(.fini6)
 *(.fini5)
 *(.fini5)
 *(.fini4)
 *(.fini4)
 *(.fini3)
 *(.fini3)
 *(.fini2)
 *(.fini2)
 *(.fini1)
 *(.fini1)
 *(.fini0)
 .fini0         0x00002660        0x4 /usr/lib/gcc/avr/4.3.5/avr5/libgcc.a(_exit.o)
 *(.fini0)
                0x00002664                _etext = .

.data           0x00800100        0xe load address 0x00002664
                0x00800100                PROVIDE (__data_start, .)
 *(.data)
 .data          0x00800100        0x0 /usr/lib/gcc/avr/4.3.5/../../../avr/lib/avr5/crtm644p.o
 .data          0x00800100        0x2 main.o
                0x00800100                debug
 .data          0x00800102        0xa timer.o
                0x00800102                icrval
                0x00800104                minocr_a
                0x00800106                maxocr_a
                0x00800108                minocr_b
                0x0080010a                maxocr_b
 .data          0x0080010c        0x0 lcd.o
 .data          0x0080010c        0x0 font8x6.o
 .data          0x0080010c        0x1 usart.o
                0x0080010c                txd_complete
 .data          0x0080010d        0x0 pong.o
 .data          0x0080010d        0x0 tetris.o
 .data          0x0080010d        0x0 /usr/lib/gcc/avr/4.3.5/../../../avr/lib/avr5/libm.a(addsf3.o)
 .data          0x0080010d        0x0 /usr/lib/gcc/avr/4.3.5/../../../avr/lib/avr5/libm.a(addsf3x.o)
 .data          0x0080010d        0x0 /usr/lib/gcc/avr/4.3.5/../../../avr/lib/avr5/libm.a(cos.o)
 .data          0x0080010d        0x0 /usr/lib/gcc/avr/4.3.5/../../../avr/lib/avr5/libm.a(divsf3.o)
 .data          0x0080010d        0x0 /usr/lib/gcc/avr/4.3.5/../../../avr/lib/avr5/libm.a(divsf3x.o)
 .data          0x0080010d        0x0 /usr/lib/gcc/avr/4.3.5/../../../avr/lib/avr5/libm.a(fixsfsi.o)
 .data          0x0080010d        0x0 /usr/lib/gcc/avr/4.3.5/../../../avr/lib/avr5/libm.a(fixunssfsi.o)
 .data          0x0080010d        0x0 /usr/lib/gcc/avr/4.3.5/../../../avr/lib/avr5/libm.a(floatsisf.o)
 .data          0x0080010d        0x0 /usr/lib/gcc/avr/4.3.5/../../../avr/lib/avr5/libm.a(fp_inf.o)
 .data          0x0080010d        0x0 /usr/lib/gcc/avr/4.3.5/../../../avr/lib/avr5/libm.a(fp_nan.o)
 .data          0x0080010d        0x0 /usr/lib/gcc/avr/4.3.5/../../../avr/lib/avr5/libm.a(fp_pscA.o)
 .data          0x0080010d        0x0 /usr/lib/gcc/avr/4.3.5/../../../avr/lib/avr5/libm.a(fp_pscB.o)
 .data          0x0080010d        0x0 /usr/lib/gcc/avr/4.3.5/../../../avr/lib/avr5/libm.a(fp_rempio2.o)
 .data          0x0080010d        0x0 /usr/lib/gcc/avr/4.3.5/../../../avr/lib/avr5/libm.a(fp_round.o)
 .data          0x0080010d        0x0 /usr/lib/gcc/avr/4.3.5/../../../avr/lib/avr5/libm.a(fp_sinus.o)
 .data          0x0080010d        0x0 /usr/lib/gcc/avr/4.3.5/../../../avr/lib/avr5/libm.a(fp_split3.o)
 .data          0x0080010d        0x0 /usr/lib/gcc/avr/4.3.5/../../../avr/lib/avr5/libm.a(fp_zero.o)
 .data          0x0080010d        0x0 /usr/lib/gcc/avr/4.3.5/../../../avr/lib/avr5/libm.a(mulsf3.o)
 .data          0x0080010d        0x0 /usr/lib/gcc/avr/4.3.5/../../../avr/lib/avr5/libm.a(mulsf3x.o)
 .data          0x0080010d        0x0 /usr/lib/gcc/avr/4.3.5/../../../avr/lib/avr5/libm.a(round.o)
 .data          0x0080010d        0x0 /usr/lib/gcc/avr/4.3.5/../../../avr/lib/avr5/libm.a(sin.o)
 .data          0x0080010d        0x0 /usr/lib/gcc/avr/4.3.5/../../../avr/lib/avr5/libm.a(fp_mintl.o)
 .data          0x0080010d        0x0 /usr/lib/gcc/avr/4.3.5/../../../avr/lib/avr5/libm.a(fp_mpack.o)
 .data          0x0080010d        0x0 /usr/lib/gcc/avr/4.3.5/../../../avr/lib/avr5/libm.a(fp_powsodd.o)
 .data          0x0080010d        0x0 /usr/lib/gcc/avr/4.3.5/../../../avr/lib/avr5/libm.a(fp_powser.o)
 .data          0x0080010d        0x0 /usr/lib/gcc/avr/4.3.5/avr5/libgcc.a(_udivmodqi4.o)
 .data          0x0080010d        0x0 /usr/lib/gcc/avr/4.3.5/avr5/libgcc.a(_udivmodhi4.o)
 .data          0x0080010d        0x0 /usr/lib/gcc/avr/4.3.5/avr5/libgcc.a(_divmodhi4.o)
 .data          0x0080010d        0x0 /usr/lib/gcc/avr/4.3.5/avr5/libgcc.a(_exit.o)
 .data          0x0080010d        0x0 /usr/lib/gcc/avr/4.3.5/avr5/libgcc.a(_copy_data.o)
 .data          0x0080010d        0x0 /usr/lib/gcc/avr/4.3.5/avr5/libgcc.a(_clear_bss.o)
 .data          0x0080010d        0x0 /usr/lib/gcc/avr/4.3.5/../../../avr/lib/avr5/libc.a(itoa.o)
 .data          0x0080010d        0x0 /usr/lib/gcc/avr/4.3.5/../../../avr/lib/avr5/libc.a(utoa.o)
 .data          0x0080010d        0x0 /usr/lib/gcc/avr/4.3.5/../../../avr/lib/avr5/libc.a(strrev.o)
 *(.data*)
 *(.rodata)
 *(.rodata*)
 *(.gnu.linkonce.d*)
                0x0080010e                . = ALIGN (0x2)
 *fill*         0x0080010d        0x1 00
                0x0080010e                _edata = .
                0x0080010e                PROVIDE (__data_end, .)

.bss            0x0080010e      0x56f
                0x0080010e                PROVIDE (__bss_start, .)
 *(.bss)
 .bss           0x0080010e        0x0 /usr/lib/gcc/avr/4.3.5/../../../avr/lib/avr5/crtm644p.o
 .bss           0x0080010e        0x0 main.o
 .bss           0x0080010e        0x5 timer.o
                0x0080010e                key_state
                0x0080010f                key_press
 .bss           0x00800113        0x0 lcd.o
 .bss           0x00800113        0x0 font8x6.o
 .bss           0x00800113       0x4e usart.o
                0x00800113                rxd_buffer_locked
                0x00800114                ReceivedBytes
                0x00800115                pRxData
                0x00800117                RxDataLen
                0x00800118                stat_crc_error
                0x0080011a                stat_overflow_error
                0x0080011c                rxFlag
 .bss           0x00800161        0x0 pong.o
 .bss           0x00800161        0x0 tetris.o
 .bss           0x00800161        0x0 /usr/lib/gcc/avr/4.3.5/../../../avr/lib/avr5/libm.a(addsf3.o)
 .bss           0x00800161        0x0 /usr/lib/gcc/avr/4.3.5/../../../avr/lib/avr5/libm.a(addsf3x.o)
 .bss           0x00800161        0x0 /usr/lib/gcc/avr/4.3.5/../../../avr/lib/avr5/libm.a(cos.o)
 .bss           0x00800161        0x0 /usr/lib/gcc/avr/4.3.5/../../../avr/lib/avr5/libm.a(divsf3.o)
 .bss           0x00800161        0x0 /usr/lib/gcc/avr/4.3.5/../../../avr/lib/avr5/libm.a(divsf3x.o)
 .bss           0x00800161        0x0 /usr/lib/gcc/avr/4.3.5/../../../avr/lib/avr5/libm.a(fixsfsi.o)
 .bss           0x00800161        0x0 /usr/lib/gcc/avr/4.3.5/../../../avr/lib/avr5/libm.a(fixunssfsi.o)
 .bss           0x00800161        0x0 /usr/lib/gcc/avr/4.3.5/../../../avr/lib/avr5/libm.a(floatsisf.o)
 .bss           0x00800161        0x0 /usr/lib/gcc/avr/4.3.5/../../../avr/lib/avr5/libm.a(fp_inf.o)
 .bss           0x00800161        0x0 /usr/lib/gcc/avr/4.3.5/../../../avr/lib/avr5/libm.a(fp_nan.o)
 .bss           0x00800161        0x0 /usr/lib/gcc/avr/4.3.5/../../../avr/lib/avr5/libm.a(fp_pscA.o)
 .bss           0x00800161        0x0 /usr/lib/gcc/avr/4.3.5/../../../avr/lib/avr5/libm.a(fp_pscB.o)
 .bss           0x00800161        0x0 /usr/lib/gcc/avr/4.3.5/../../../avr/lib/avr5/libm.a(fp_rempio2.o)
 .bss           0x00800161        0x0 /usr/lib/gcc/avr/4.3.5/../../../avr/lib/avr5/libm.a(fp_round.o)
 .bss           0x00800161        0x0 /usr/lib/gcc/avr/4.3.5/../../../avr/lib/avr5/libm.a(fp_sinus.o)
 .bss           0x00800161        0x0 /usr/lib/gcc/avr/4.3.5/../../../avr/lib/avr5/libm.a(fp_split3.o)
 .bss           0x00800161        0x0 /usr/lib/gcc/avr/4.3.5/../../../avr/lib/avr5/libm.a(fp_zero.o)
 .bss           0x00800161        0x0 /usr/lib/gcc/avr/4.3.5/../../../avr/lib/avr5/libm.a(mulsf3.o)
 .bss           0x00800161        0x0 /usr/lib/gcc/avr/4.3.5/../../../avr/lib/avr5/libm.a(mulsf3x.o)
 .bss           0x00800161        0x0 /usr/lib/gcc/avr/4.3.5/../../../avr/lib/avr5/libm.a(round.o)
 .bss           0x00800161        0x0 /usr/lib/gcc/avr/4.3.5/../../../avr/lib/avr5/libm.a(sin.o)
 .bss           0x00800161        0x0 /usr/lib/gcc/avr/4.3.5/../../../avr/lib/avr5/libm.a(fp_mintl.o)
 .bss           0x00800161        0x0 /usr/lib/gcc/avr/4.3.5/../../../avr/lib/avr5/libm.a(fp_mpack.o)
 .bss           0x00800161        0x0 /usr/lib/gcc/avr/4.3.5/../../../avr/lib/avr5/libm.a(fp_powsodd.o)
 .bss           0x00800161        0x0 /usr/lib/gcc/avr/4.3.5/../../../avr/lib/avr5/libm.a(fp_powser.o)
 .bss           0x00800161        0x0 /usr/lib/gcc/avr/4.3.5/avr5/libgcc.a(_udivmodqi4.o)
 .bss           0x00800161        0x0 /usr/lib/gcc/avr/4.3.5/avr5/libgcc.a(_udivmodhi4.o)
 .bss           0x00800161        0x0 /usr/lib/gcc/avr/4.3.5/avr5/libgcc.a(_divmodhi4.o)
 .bss           0x00800161        0x0 /usr/lib/gcc/avr/4.3.5/avr5/libgcc.a(_exit.o)
 .bss           0x00800161        0x0 /usr/lib/gcc/avr/4.3.5/avr5/libgcc.a(_copy_data.o)
 .bss           0x00800161        0x0 /usr/lib/gcc/avr/4.3.5/avr5/libgcc.a(_clear_bss.o)
 .bss           0x00800161        0x0 /usr/lib/gcc/avr/4.3.5/../../../avr/lib/avr5/libc.a(itoa.o)
 .bss           0x00800161        0x0 /usr/lib/gcc/avr/4.3.5/../../../avr/lib/avr5/libc.a(utoa.o)
 .bss           0x00800161        0x0 /usr/lib/gcc/avr/4.3.5/../../../avr/lib/avr5/libc.a(strrev.o)
 *(.bss*)
 *(COMMON)
 COMMON         0x00800161        0x5 timer.o
                0x00800161                timer
                0x00800163                abo_timer
                0x00800165                key_rpt
 COMMON         0x00800166      0x408 lcd.o
                0x00800166                display_page_counter
                0x00800167                LCD_ORIENTATION
                0x00800168                display_buffer
                0x00800568                display_buffer_counter
                0x00800569                display_mode
                0x0080056a                display_buffer_pointer
                0x0080056c                lcd_xpos
                0x0080056d                lcd_ypos
 COMMON         0x0080056e      0x10f usart.o
                0x0080056e                rxd_buffer
                0x00800622                buffer
                0x00800640                rx_byte
                0x00800641                txd_buffer
                0x0080067d                PROVIDE (__bss_end, .)
                0x00002664                __data_load_start = LOADADDR (.data)
                0x00002672                __data_load_end = (__data_load_start + SIZEOF (.data))

.noinit         0x0080067d        0x0
                0x0080067d                PROVIDE (__noinit_start, .)
 *(.noinit*)
                0x0080067d                PROVIDE (__noinit_end, .)
                0x0080067d                _end = .
                0x0080067d                PROVIDE (__heap_start, .)

.eeprom         0x00810000        0x0
 *(.eeprom*)
                0x00810000                __eeprom_end = .

.fuse
 *(.fuse)
 *(.lfuse)
 *(.hfuse)
 *(.efuse)

.lock
 *(.lock*)

.signature
 *(.signature*)

.stab           0x00000000     0x2fdc
 *(.stab)
 .stab          0x00000000      0x6b4 /usr/lib/gcc/avr/4.3.5/../../../avr/lib/avr5/crtm644p.o
 .stab          0x000006b4       0x78 /usr/lib/gcc/avr/4.3.5/../../../avr/lib/avr5/libm.a(addsf3.o)
                                 0x84 (size before relaxing)
 .stab          0x0000072c      0x4bc /usr/lib/gcc/avr/4.3.5/../../../avr/lib/avr5/libm.a(addsf3x.o)
                                0x4c8 (size before relaxing)
 .stab          0x00000be8       0x54 /usr/lib/gcc/avr/4.3.5/../../../avr/lib/avr5/libm.a(cos.o)
                                 0x60 (size before relaxing)
 .stab          0x00000c3c       0x48 /usr/lib/gcc/avr/4.3.5/../../../avr/lib/avr5/libm.a(divsf3.o)
                                 0x54 (size before relaxing)
 .stab          0x00000c84      0x510 /usr/lib/gcc/avr/4.3.5/../../../avr/lib/avr5/libm.a(divsf3x.o)
                                0x51c (size before relaxing)
 .stab          0x00001194       0x6c /usr/lib/gcc/avr/4.3.5/../../../avr/lib/avr5/libm.a(fixsfsi.o)
                                 0x78 (size before relaxing)
 .stab          0x00001200      0x240 /usr/lib/gcc/avr/4.3.5/../../../avr/lib/avr5/libm.a(fixunssfsi.o)
                                0x24c (size before relaxing)
 .stab          0x00001440      0x318 /usr/lib/gcc/avr/4.3.5/../../../avr/lib/avr5/libm.a(floatsisf.o)
                                0x324 (size before relaxing)
 .stab          0x00001758       0x78 /usr/lib/gcc/avr/4.3.5/../../../avr/lib/avr5/libm.a(fp_inf.o)
                                 0x84 (size before relaxing)
 .stab          0x000017d0       0x54 /usr/lib/gcc/avr/4.3.5/../../../avr/lib/avr5/libm.a(fp_nan.o)
                                 0x60 (size before relaxing)
 .stab          0x00001824       0x84 /usr/lib/gcc/avr/4.3.5/../../../avr/lib/avr5/libm.a(fp_pscA.o)
                                 0x90 (size before relaxing)
 .stab          0x000018a8       0x84 /usr/lib/gcc/avr/4.3.5/../../../avr/lib/avr5/libm.a(fp_pscB.o)
                                 0x90 (size before relaxing)
 .stab          0x0000192c      0x21c /usr/lib/gcc/avr/4.3.5/../../../avr/lib/avr5/libm.a(fp_rempio2.o)
                                0x228 (size before relaxing)
 .stab          0x00001b48       0xfc /usr/lib/gcc/avr/4.3.5/../../../avr/lib/avr5/libm.a(fp_round.o)
                                0x108 (size before relaxing)
 .stab          0x00001c44       0xfc /usr/lib/gcc/avr/4.3.5/../../../avr/lib/avr5/libm.a(fp_sinus.o)
                                0x108 (size before relaxing)
 .stab          0x00001d40      0x1d4 /usr/lib/gcc/avr/4.3.5/../../../avr/lib/avr5/libm.a(fp_split3.o)
                                0x1e0 (size before relaxing)
 .stab          0x00001f14       0x90 /usr/lib/gcc/avr/4.3.5/../../../avr/lib/avr5/libm.a(fp_zero.o)
                                 0x9c (size before relaxing)
 .stab          0x00001fa4       0x48 /usr/lib/gcc/avr/4.3.5/../../../avr/lib/avr5/libm.a(mulsf3.o)
                                 0x54 (size before relaxing)
 .stab          0x00001fec      0x4d4 /usr/lib/gcc/avr/4.3.5/../../../avr/lib/avr5/libm.a(mulsf3x.o)
                                0x4e0 (size before relaxing)
 .stab          0x000024c0      0x1b0 /usr/lib/gcc/avr/4.3.5/../../../avr/lib/avr5/libm.a(round.o)
                                0x1bc (size before relaxing)
 .stab          0x00002670       0x78 /usr/lib/gcc/avr/4.3.5/../../../avr/lib/avr5/libm.a(sin.o)
                                 0x84 (size before relaxing)
 .stab          0x000026e8      0x174 /usr/lib/gcc/avr/4.3.5/../../../avr/lib/avr5/libm.a(fp_mintl.o)
                                0x180 (size before relaxing)
 .stab          0x0000285c       0xe4 /usr/lib/gcc/avr/4.3.5/../../../avr/lib/avr5/libm.a(fp_mpack.o)
                                 0xf0 (size before relaxing)
 .stab          0x00002940       0xfc /usr/lib/gcc/avr/4.3.5/../../../avr/lib/avr5/libm.a(fp_powsodd.o)
                                0x108 (size before relaxing)
 .stab          0x00002a3c      0x1ec /usr/lib/gcc/avr/4.3.5/../../../avr/lib/avr5/libm.a(fp_powser.o)
                                0x1f8 (size before relaxing)
 .stab          0x00002c28      0x1b0 /usr/lib/gcc/avr/4.3.5/../../../avr/lib/avr5/libc.a(itoa.o)
                                0x1bc (size before relaxing)
 .stab          0x00002dd8      0x12c /usr/lib/gcc/avr/4.3.5/../../../avr/lib/avr5/libc.a(utoa.o)
                                0x138 (size before relaxing)
 .stab          0x00002f04       0xd8 /usr/lib/gcc/avr/4.3.5/../../../avr/lib/avr5/libc.a(strrev.o)
                                 0xe4 (size before relaxing)

.stabstr        0x00000000      0x568
 *(.stabstr)
 .stabstr       0x00000000      0x568 /usr/lib/gcc/avr/4.3.5/../../../avr/lib/avr5/crtm644p.o

.stab.excl
 *(.stab.excl)

.stab.exclstr
 *(.stab.exclstr)

.stab.index
 *(.stab.index)

.stab.indexstr
 *(.stab.indexstr)

.comment
 *(.comment)

.debug
 *(.debug)

.line
 *(.line)

.debug_srcinfo
 *(.debug_srcinfo)

.debug_sfnames
 *(.debug_sfnames)

.debug_aranges
 *(.debug_aranges)

.debug_pubnames
 *(.debug_pubnames)

.debug_info
 *(.debug_info)
 *(.gnu.linkonce.wi.*)

.debug_abbrev
 *(.debug_abbrev)

.debug_line
 *(.debug_line)

.debug_frame
 *(.debug_frame)

.debug_str
 *(.debug_str)

.debug_loc
 *(.debug_loc)

.debug_macinfo
 *(.debug_macinfo)
OUTPUT(EXAMPLE.elf elf32-avr)
LOAD linker stubs

Cross Reference Table

Symbol                                            File
LCD_Init                                          lcd.o
                                                  main.o
LCD_ORIENTATION                                   lcd.o
ReceivedBytes                                     usart.o
RxDataLen                                         usart.o
TIMER0_Init                                       timer.o
                                                  main.o
USART_DisableTXD                                  usart.o
USART_EnableTXD                                   usart.o
USART_Init                                        usart.o
                                                  main.o
USART_putc                                        usart.o
USART_puts                                        usart.o
USART_puts_p                                      usart.o
__addsf3                                          /usr/lib/gcc/avr/4.3.5/../../../avr/lib/avr5/libm.a(addsf3.o)
                                                  lcd.o
__addsf3x                                         /usr/lib/gcc/avr/4.3.5/../../../avr/lib/avr5/libm.a(addsf3x.o)
                                                  /usr/lib/gcc/avr/4.3.5/../../../avr/lib/avr5/libm.a(fp_powser.o)
                                                  /usr/lib/gcc/avr/4.3.5/../../../avr/lib/avr5/libm.a(fp_sinus.o)
                                                  /usr/lib/gcc/avr/4.3.5/../../../avr/lib/avr5/libm.a(addsf3.o)
__bad_interrupt                                   /usr/lib/gcc/avr/4.3.5/../../../avr/lib/avr5/crtm644p.o
__bss_end                                         /usr/lib/gcc/avr/4.3.5/avr5/libgcc.a(_clear_bss.o)
__bss_start                                       /usr/lib/gcc/avr/4.3.5/avr5/libgcc.a(_clear_bss.o)
__data_end                                        /usr/lib/gcc/avr/4.3.5/avr5/libgcc.a(_copy_data.o)
__data_load_start                                 /usr/lib/gcc/avr/4.3.5/avr5/libgcc.a(_copy_data.o)
__data_start                                      /usr/lib/gcc/avr/4.3.5/avr5/libgcc.a(_copy_data.o)
__divmodhi4                                       /usr/lib/gcc/avr/4.3.5/avr5/libgcc.a(_divmodhi4.o)
                                                  lcd.o
__divsf3                                          /usr/lib/gcc/avr/4.3.5/../../../avr/lib/avr5/libm.a(divsf3.o)
                                                  lcd.o
__divsf3_pse                                      /usr/lib/gcc/avr/4.3.5/../../../avr/lib/avr5/libm.a(divsf3x.o)
__divsf3x                                         /usr/lib/gcc/avr/4.3.5/../../../avr/lib/avr5/libm.a(divsf3x.o)
                                                  /usr/lib/gcc/avr/4.3.5/../../../avr/lib/avr5/libm.a(divsf3.o)
__do_clear_bss                                    /usr/lib/gcc/avr/4.3.5/avr5/libgcc.a(_clear_bss.o)
                                                  tetris.o
                                                  pong.o
                                                  usart.o
                                                  lcd.o
                                                  timer.o
__do_copy_data                                    /usr/lib/gcc/avr/4.3.5/avr5/libgcc.a(_copy_data.o)
                                                  usart.o
                                                  timer.o
                                                  main.o
__fixsfsi                                         /usr/lib/gcc/avr/4.3.5/../../../avr/lib/avr5/libm.a(fixsfsi.o)
                                                  lcd.o
__fixunssfsi                                      /usr/lib/gcc/avr/4.3.5/../../../avr/lib/avr5/libm.a(fixunssfsi.o)
                                                  /usr/lib/gcc/avr/4.3.5/../../../avr/lib/avr5/libm.a(fixsfsi.o)
                                                  lcd.o
__floatsisf                                       /usr/lib/gcc/avr/4.3.5/../../../avr/lib/avr5/libm.a(floatsisf.o)
                                                  lcd.o
__floatunsisf                                     /usr/lib/gcc/avr/4.3.5/../../../avr/lib/avr5/libm.a(floatsisf.o)
                                                  lcd.o
__fp_inf                                          /usr/lib/gcc/avr/4.3.5/../../../avr/lib/avr5/libm.a(fp_inf.o)
                                                  /usr/lib/gcc/avr/4.3.5/../../../avr/lib/avr5/libm.a(mulsf3x.o)
                                                  /usr/lib/gcc/avr/4.3.5/../../../avr/lib/avr5/libm.a(divsf3x.o)
                                                  /usr/lib/gcc/avr/4.3.5/../../../avr/lib/avr5/libm.a(addsf3x.o)
__fp_mintl                                        /usr/lib/gcc/avr/4.3.5/../../../avr/lib/avr5/libm.a(fp_mintl.o)
                                                  /usr/lib/gcc/avr/4.3.5/../../../avr/lib/avr5/libm.a(round.o)
__fp_mpack                                        /usr/lib/gcc/avr/4.3.5/../../../avr/lib/avr5/libm.a(fp_mpack.o)
                                                  /usr/lib/gcc/avr/4.3.5/../../../avr/lib/avr5/libm.a(round.o)
__fp_mpack_finite                                 /usr/lib/gcc/avr/4.3.5/../../../avr/lib/avr5/libm.a(fp_mpack.o)
                                                  /usr/lib/gcc/avr/4.3.5/../../../avr/lib/avr5/libm.a(fp_rempio2.o)
__fp_nan                                          /usr/lib/gcc/avr/4.3.5/../../../avr/lib/avr5/libm.a(fp_nan.o)
                                                  /usr/lib/gcc/avr/4.3.5/../../../avr/lib/avr5/libm.a(mulsf3x.o)
                                                  /usr/lib/gcc/avr/4.3.5/../../../avr/lib/avr5/libm.a(fp_rempio2.o)
                                                  /usr/lib/gcc/avr/4.3.5/../../../avr/lib/avr5/libm.a(divsf3x.o)
                                                  /usr/lib/gcc/avr/4.3.5/../../../avr/lib/avr5/libm.a(addsf3x.o)
__fp_powser                                       /usr/lib/gcc/avr/4.3.5/../../../avr/lib/avr5/libm.a(fp_powser.o)
                                                  /usr/lib/gcc/avr/4.3.5/../../../avr/lib/avr5/libm.a(fp_powsodd.o)
__fp_powsodd                                      /usr/lib/gcc/avr/4.3.5/../../../avr/lib/avr5/libm.a(fp_powsodd.o)
                                                  /usr/lib/gcc/avr/4.3.5/../../../avr/lib/avr5/libm.a(fp_sinus.o)
__fp_pscA                                         /usr/lib/gcc/avr/4.3.5/../../../avr/lib/avr5/libm.a(fp_pscA.o)
                                                  /usr/lib/gcc/avr/4.3.5/../../../avr/lib/avr5/libm.a(mulsf3x.o)
                                                  /usr/lib/gcc/avr/4.3.5/../../../avr/lib/avr5/libm.a(divsf3x.o)
                                                  /usr/lib/gcc/avr/4.3.5/../../../avr/lib/avr5/libm.a(addsf3x.o)
__fp_pscB                                         /usr/lib/gcc/avr/4.3.5/../../../avr/lib/avr5/libm.a(fp_pscB.o)
                                                  /usr/lib/gcc/avr/4.3.5/../../../avr/lib/avr5/libm.a(mulsf3x.o)
                                                  /usr/lib/gcc/avr/4.3.5/../../../avr/lib/avr5/libm.a(divsf3x.o)
                                                  /usr/lib/gcc/avr/4.3.5/../../../avr/lib/avr5/libm.a(addsf3x.o)
__fp_rempio2                                      /usr/lib/gcc/avr/4.3.5/../../../avr/lib/avr5/libm.a(fp_rempio2.o)
                                                  /usr/lib/gcc/avr/4.3.5/../../../avr/lib/avr5/libm.a(sin.o)
                                                  /usr/lib/gcc/avr/4.3.5/../../../avr/lib/avr5/libm.a(cos.o)
__fp_round                                        /usr/lib/gcc/avr/4.3.5/../../../avr/lib/avr5/libm.a(fp_round.o)
                                                  /usr/lib/gcc/avr/4.3.5/../../../avr/lib/avr5/libm.a(mulsf3.o)
                                                  /usr/lib/gcc/avr/4.3.5/../../../avr/lib/avr5/libm.a(fp_sinus.o)
                                                  /usr/lib/gcc/avr/4.3.5/../../../avr/lib/avr5/libm.a(divsf3.o)
                                                  /usr/lib/gcc/avr/4.3.5/../../../avr/lib/avr5/libm.a(addsf3.o)
__fp_sinus                                        /usr/lib/gcc/avr/4.3.5/../../../avr/lib/avr5/libm.a(fp_sinus.o)
                                                  /usr/lib/gcc/avr/4.3.5/../../../avr/lib/avr5/libm.a(sin.o)
                                                  /usr/lib/gcc/avr/4.3.5/../../../avr/lib/avr5/libm.a(cos.o)
__fp_split3                                       /usr/lib/gcc/avr/4.3.5/../../../avr/lib/avr5/libm.a(fp_split3.o)
                                                  /usr/lib/gcc/avr/4.3.5/../../../avr/lib/avr5/libm.a(mulsf3x.o)
                                                  /usr/lib/gcc/avr/4.3.5/../../../avr/lib/avr5/libm.a(divsf3x.o)
                                                  /usr/lib/gcc/avr/4.3.5/../../../avr/lib/avr5/libm.a(addsf3x.o)
__fp_splitA                                       /usr/lib/gcc/avr/4.3.5/../../../avr/lib/avr5/libm.a(fp_split3.o)
                                                  /usr/lib/gcc/avr/4.3.5/../../../avr/lib/avr5/libm.a(round.o)
                                                  /usr/lib/gcc/avr/4.3.5/../../../avr/lib/avr5/libm.a(fp_rempio2.o)
                                                  /usr/lib/gcc/avr/4.3.5/../../../avr/lib/avr5/libm.a(fixunssfsi.o)
__fp_szero                                        /usr/lib/gcc/avr/4.3.5/../../../avr/lib/avr5/libm.a(fp_zero.o)
                                                  /usr/lib/gcc/avr/4.3.5/../../../avr/lib/avr5/libm.a(round.o)
                                                  /usr/lib/gcc/avr/4.3.5/../../../avr/lib/avr5/libm.a(mulsf3x.o)
                                                  /usr/lib/gcc/avr/4.3.5/../../../avr/lib/avr5/libm.a(fixsfsi.o)
                                                  /usr/lib/gcc/avr/4.3.5/../../../avr/lib/avr5/libm.a(divsf3x.o)
__fp_zero                                         /usr/lib/gcc/avr/4.3.5/../../../avr/lib/avr5/libm.a(fp_zero.o)
                                                  /usr/lib/gcc/avr/4.3.5/../../../avr/lib/avr5/libm.a(fixunssfsi.o)
                                                  /usr/lib/gcc/avr/4.3.5/../../../avr/lib/avr5/libm.a(addsf3x.o)
__heap_end                                        /usr/lib/gcc/avr/4.3.5/../../../avr/lib/avr5/crtm644p.o
__init                                            /usr/lib/gcc/avr/4.3.5/../../../avr/lib/avr5/crtm644p.o
__mulsf3                                          /usr/lib/gcc/avr/4.3.5/../../../avr/lib/avr5/libm.a(mulsf3.o)
                                                  /usr/lib/gcc/avr/4.3.5/../../../avr/lib/avr5/libm.a(fp_powsodd.o)
                                                  lcd.o
__mulsf3_pse                                      /usr/lib/gcc/avr/4.3.5/../../../avr/lib/avr5/libm.a(mulsf3x.o)
__mulsf3x                                         /usr/lib/gcc/avr/4.3.5/../../../avr/lib/avr5/libm.a(mulsf3x.o)
                                                  /usr/lib/gcc/avr/4.3.5/../../../avr/lib/avr5/libm.a(fp_powser.o)
                                                  /usr/lib/gcc/avr/4.3.5/../../../avr/lib/avr5/libm.a(mulsf3.o)
__stack                                           /usr/lib/gcc/avr/4.3.5/../../../avr/lib/avr5/crtm644p.o
__subsf3                                          /usr/lib/gcc/avr/4.3.5/../../../avr/lib/avr5/libm.a(addsf3.o)
                                                  lcd.o
__udivmodhi4                                      /usr/lib/gcc/avr/4.3.5/avr5/libgcc.a(_udivmodhi4.o)
                                                  /usr/lib/gcc/avr/4.3.5/../../../avr/lib/avr5/libc.a(utoa.o)
                                                  /usr/lib/gcc/avr/4.3.5/../../../avr/lib/avr5/libc.a(itoa.o)
                                                  /usr/lib/gcc/avr/4.3.5/avr5/libgcc.a(_divmodhi4.o)
                                                  lcd.o
__udivmodqi4                                      /usr/lib/gcc/avr/4.3.5/avr5/libgcc.a(_udivmodqi4.o)
                                                  lcd.o
__vector_1                                        /usr/lib/gcc/avr/4.3.5/../../../avr/lib/avr5/crtm644p.o
__vector_10                                       /usr/lib/gcc/avr/4.3.5/../../../avr/lib/avr5/crtm644p.o
__vector_11                                       /usr/lib/gcc/avr/4.3.5/../../../avr/lib/avr5/crtm644p.o
__vector_12                                       /usr/lib/gcc/avr/4.3.5/../../../avr/lib/avr5/crtm644p.o
__vector_13                                       /usr/lib/gcc/avr/4.3.5/../../../avr/lib/avr5/crtm644p.o
__vector_14                                       /usr/lib/gcc/avr/4.3.5/../../../avr/lib/avr5/crtm644p.o
__vector_15                                       /usr/lib/gcc/avr/4.3.5/../../../avr/lib/avr5/crtm644p.o
__vector_16                                       timer.o
                                                  /usr/lib/gcc/avr/4.3.5/../../../avr/lib/avr5/crtm644p.o
__vector_17                                       /usr/lib/gcc/avr/4.3.5/../../../avr/lib/avr5/crtm644p.o
__vector_18                                       /usr/lib/gcc/avr/4.3.5/../../../avr/lib/avr5/crtm644p.o
__vector_19                                       /usr/lib/gcc/avr/4.3.5/../../../avr/lib/avr5/crtm644p.o
__vector_2                                        /usr/lib/gcc/avr/4.3.5/../../../avr/lib/avr5/crtm644p.o
__vector_20                                       usart.o
                                                  /usr/lib/gcc/avr/4.3.5/../../../avr/lib/avr5/crtm644p.o
__vector_21                                       /usr/lib/gcc/avr/4.3.5/../../../avr/lib/avr5/crtm644p.o
__vector_22                                       /usr/lib/gcc/avr/4.3.5/../../../avr/lib/avr5/crtm644p.o
__vector_23                                       /usr/lib/gcc/avr/4.3.5/../../../avr/lib/avr5/crtm644p.o
__vector_24                                       /usr/lib/gcc/avr/4.3.5/../../../avr/lib/avr5/crtm644p.o
__vector_25                                       /usr/lib/gcc/avr/4.3.5/../../../avr/lib/avr5/crtm644p.o
__vector_26                                       /usr/lib/gcc/avr/4.3.5/../../../avr/lib/avr5/crtm644p.o
__vector_27                                       /usr/lib/gcc/avr/4.3.5/../../../avr/lib/avr5/crtm644p.o
__vector_28                                       /usr/lib/gcc/avr/4.3.5/../../../avr/lib/avr5/crtm644p.o
__vector_29                                       /usr/lib/gcc/avr/4.3.5/../../../avr/lib/avr5/crtm644p.o
__vector_3                                        /usr/lib/gcc/avr/4.3.5/../../../avr/lib/avr5/crtm644p.o
__vector_30                                       /usr/lib/gcc/avr/4.3.5/../../../avr/lib/avr5/crtm644p.o
__vector_4                                        /usr/lib/gcc/avr/4.3.5/../../../avr/lib/avr5/crtm644p.o
__vector_5                                        /usr/lib/gcc/avr/4.3.5/../../../avr/lib/avr5/crtm644p.o
__vector_6                                        /usr/lib/gcc/avr/4.3.5/../../../avr/lib/avr5/crtm644p.o
__vector_7                                        /usr/lib/gcc/avr/4.3.5/../../../avr/lib/avr5/crtm644p.o
__vector_8                                        /usr/lib/gcc/avr/4.3.5/../../../avr/lib/avr5/crtm644p.o
__vector_9                                        /usr/lib/gcc/avr/4.3.5/../../../avr/lib/avr5/crtm644p.o
__vector_default                                  /usr/lib/gcc/avr/4.3.5/../../../avr/lib/avr5/crtm644p.o
__vectors                                         /usr/lib/gcc/avr/4.3.5/../../../avr/lib/avr5/crtm644p.o
_div                                              /usr/lib/gcc/avr/4.3.5/avr5/libgcc.a(_divmodhi4.o)
_exit                                             /usr/lib/gcc/avr/4.3.5/avr5/libgcc.a(_exit.o)
abo_timer                                         timer.o
buffer                                            usart.o
cos                                               /usr/lib/gcc/avr/4.3.5/../../../avr/lib/avr5/libm.a(cos.o)
                                                  lcd.o
debug                                             main.o
                                                  tetris.o
                                                  pong.o
                                                  usart.o
                                                  lcd.o
                                                  timer.o
display_buffer                                    lcd.o
display_buffer_counter                            lcd.o
display_buffer_pointer                            lcd.o
display_mode                                      lcd.o
display_page_counter                              lcd.o
exit                                              /usr/lib/gcc/avr/4.3.5/avr5/libgcc.a(_exit.o)
                                                  /usr/lib/gcc/avr/4.3.5/../../../avr/lib/avr5/crtm644p.o
font8x6                                           font8x6.o
                                                  lcd.o
get_key_long                                      timer.o
get_key_long2                                     timer.o
get_key_long_rpt                                  timer.o
get_key_press                                     timer.o
                                                  main.o
get_key_rpt                                       timer.o
                                                  pong.o
get_key_short                                     timer.o
hdigit                                            lcd.o
icrval                                            timer.o
itoa                                              /usr/lib/gcc/avr/4.3.5/../../../avr/lib/avr5/libc.a(itoa.o)
                                                  lcd.o
key_press                                         timer.o
key_rpt                                           timer.o
key_state                                         timer.o
lcd_circ_line                                     lcd.o
lcd_circle                                        lcd.o
lcd_cls                                           lcd.o
                                                  pong.o
                                                  main.o
lcd_ecirc_line                                    lcd.o
lcd_ecircle                                       lcd.o
lcd_ellipse                                       lcd.o
lcd_ellipse_line                                  lcd.o
lcd_fcircle                                       lcd.o
                                                  pong.o
lcd_frect                                         lcd.o
                                                  pong.o
lcd_line                                          lcd.o
lcd_plot                                          lcd.o
lcd_print                                         lcd.o
lcd_print_at                                      lcd.o
lcd_print_hex_at                                  lcd.o
lcd_printp                                        lcd.o
                                                  main.o
lcd_printp_at                                     lcd.o
                                                  tetris.o
                                                  pong.o
                                                  main.o
lcd_printpns                                      lcd.o
lcd_printpns_at                                   lcd.o
lcd_putc                                          lcd.o
lcd_rect                                          lcd.o
lcd_view_font                                     lcd.o
lcd_write_number_u                                lcd.o
                                                  main.o
lcd_write_number_u_at                             lcd.o
                                                  pong.o
lcd_xpos                                          lcd.o
lcd_ypos                                          lcd.o
main                                              main.o
                                                  /usr/lib/gcc/avr/4.3.5/../../../avr/lib/avr5/crtm644p.o
maxocr_a                                          timer.o
maxocr_b                                          timer.o
minocr_a                                          timer.o
minocr_b                                          timer.o
new_line                                          lcd.o
pRxData                                           usart.o
pong                                              pong.o
                                                  main.o
print_display                                     lcd.o
print_display_at                                  lcd.o
round                                             /usr/lib/gcc/avr/4.3.5/../../../avr/lib/avr5/libm.a(round.o)
                                                  lcd.o
rxFlag                                            usart.o
rx_byte                                           usart.o
rxd_buffer                                        usart.o
rxd_buffer_locked                                 usart.o
scroll                                            lcd.o
send_byte                                         lcd.o
set_adress                                        lcd.o
sin                                               /usr/lib/gcc/avr/4.3.5/../../../avr/lib/avr5/libm.a(sin.o)
                                                  lcd.o
stat_crc_error                                    usart.o
stat_overflow_error                               usart.o
strrev                                            /usr/lib/gcc/avr/4.3.5/../../../avr/lib/avr5/libc.a(strrev.o)
                                                  /usr/lib/gcc/avr/4.3.5/../../../avr/lib/avr5/libc.a(utoa.o)
                                                  /usr/lib/gcc/avr/4.3.5/../../../avr/lib/avr5/libc.a(itoa.o)
tetris                                            tetris.o
                                                  main.o
timer                                             timer.o
txd_buffer                                        usart.o
txd_complete                                      usart.o
uart_getc_nb                                      usart.o
utoa                                              /usr/lib/gcc/avr/4.3.5/../../../avr/lib/avr5/libc.a(utoa.o)
                                                  lcd.o
wait_1ms                                          lcd.o
wait_ms                                           lcd.o
                                                  tetris.o
                                                  pong.o
                                                  main.o
write_ndigit_number_s                             lcd.o
write_ndigit_number_s_10th                        lcd.o
write_ndigit_number_u                             lcd.o
write_ndigit_number_u_100th                       lcd.o
write_ndigit_number_u_10th                        lcd.o
