   1               		.file	"tetris.c"
   2               	__SREG__ = 0x3f
   3               	__SP_H__ = 0x3e
   4               	__SP_L__ = 0x3d
   5               	__CCP__  = 0x34
   6               	__tmp_reg__ = 0
   7               	__zero_reg__ = 1
   8               		.text
   9               	.global	tetris
  11               	tetris:
  12               	/* prologue: function */
  13               	/* frame size = 0 */
  14 0000 81E0      		ldi r24,lo8(1)
  15 0002 8093 0000 		sts ausrichtung,r24
  16 0006 0E94 0000 		call lcd_write_number_u
  17 000a 88E8      		ldi r24,lo8(5000)
  18 000c 93E1      		ldi r25,hi8(5000)
  19 000e 0E94 0000 		call wait_ms
  20 0012 84E0      		ldi r24,lo8(4)
  21 0014 62E0      		ldi r22,lo8(2)
  22 0016 40E0      		ldi r20,lo8(__c.1880)
  23 0018 50E0      		ldi r21,hi8(__c.1880)
  24 001a 20E0      		ldi r18,lo8(0)
  25 001c 0E94 0000 		call lcd_printp_at
  26 0020 88EE      		ldi r24,lo8(1000)
  27 0022 93E0      		ldi r25,hi8(1000)
  28 0024 0E94 0000 		call wait_ms
  29               	/* epilogue start */
  30 0028 0895      		ret
  32               	.global	layout
  34               	layout:
  35 002a 0F93      		push r16
  36               	/* prologue: function */
  37               	/* frame size = 0 */
  38 002c 80E0      		ldi r24,lo8(0)
  39 002e 60E0      		ldi r22,lo8(0)
  40 0030 40E4      		ldi r20,lo8(64)
  41 0032 20E0      		ldi r18,lo8(0)
  42 0034 00E0      		ldi r16,lo8(0)
  43 0036 0E94 0000 		call lcd_line
  44               	/* epilogue start */
  45 003a 0F91      		pop r16
  46 003c 0895      		ret
  48               		.section	.progmem.data,"a",@progbits
  51               	__c.1880:
  52 0000 5445 5452 		.string	"TETRIS!\r\n"
  52      4953 210D 
  52      0A00 
  53               		.comm x0min,2,1
  54               		.comm y0min,2,1
  55               		.comm x0max,2,1
  56               		.comm y0max,2,1
  57               	.global __do_clear_bss
DEFINED SYMBOLS
                            *ABS*:00000000 tetris.c
     /tmp/ccU77Ju2.s:2      *ABS*:0000003f __SREG__
     /tmp/ccU77Ju2.s:3      *ABS*:0000003e __SP_H__
     /tmp/ccU77Ju2.s:4      *ABS*:0000003d __SP_L__
     /tmp/ccU77Ju2.s:5      *ABS*:00000034 __CCP__
     /tmp/ccU77Ju2.s:6      *ABS*:00000000 __tmp_reg__
     /tmp/ccU77Ju2.s:7      *ABS*:00000001 __zero_reg__
     /tmp/ccU77Ju2.s:11     .text:00000000 tetris
     /tmp/ccU77Ju2.s:51     .progmem.data:00000000 __c.1880
     /tmp/ccU77Ju2.s:34     .text:0000002a layout
                            *COM*:00000002 x0min
                            *COM*:00000002 y0min
                            *COM*:00000002 x0max
                            *COM*:00000002 y0max

UNDEFINED SYMBOLS
ausrichtung
lcd_write_number_u
wait_ms
lcd_printp_at
lcd_line
__do_clear_bss
